Microchip MPLAB XC8 Compiler V1.42 ()

Linker command line:

-W-3 --edf=/Applications/microchip/xc8/v1.42/dat/en_msgs.txt -cs \
  -h+dist/default/debug/PIC16f15325.X.debug.sym \
  --cmf=dist/default/debug/PIC16f15325.X.debug.cmf -z -Q16F15325 \
  -o/tmp/xcVyCzqrU -Mdist/default/debug/PIC16f15325.X.debug.map -E1 \
  -ver=XC8 -ASTACK=02021h-023efh -pstack=STACK -ACODE=00h-07FFhx4 \
  -ASTRCODE=00h-01FFFh -ASTRING=00h-0FFhx32 -ACONST=00h-0FFhx32 \
  -AENTRY=00h-0FFhx32 -ACOMMON=070h-07Fh -ABANK0=020h-06Fh \
  -ABANK1=0A0h-0EFh -ABANK2=0120h-016Fh -ABANK3=01A0h-01EFh \
  -ABANK4=0220h-026Fh -ABANK5=02A0h-02EFh -ABANK6=0320h-036Fh \
  -ABANK7=03A0h-03EFh -ABANK8=0420h-046Fh -ABANK9=04A0h-04EFh \
  -ABANK10=0520h-056Fh -ABANK11=05A0h-05EFh -ABANK12=0620h-064Fh \
  -ABIGRAM=02000h-023EFh \
  -ARAM=020h-06Fh,0A0h-0EFh,0120h-016Fh,01A0h-01EFh,0220h-026Fh,02A0h-02EFh,0320h-036Fh,03A0h-03EFh,0420h-046Fh,04A0h-04EFh,0520h-056Fh,05A0h-05EFh,0620h-064Fh \
  -AABS1=020h-07Fh,0A0h-0EFh,0120h-016Fh,01A0h-01EFh,0220h-026Fh,02A0h-02EFh,0320h-036Fh,03A0h-03EFh,0420h-046Fh,04A0h-04EFh,0520h-056Fh,05A0h-05EFh,0620h-064Fh \
  -ASFR0=00h-01Fh -ASFR1=080h-09Fh -ASFR2=0100h-011Fh -ASFR3=0180h-019Fh \
  -ASFR4=0200h-021Fh -ASFR5=0280h-029Fh -ASFR6=0300h-031Fh \
  -ASFR7=0380h-039Fh -ASFR8=0400h-041Fh -ASFR9=0480h-049Fh \
  -ASFR10=0500h-051Fh -ASFR11=0580h-059Fh -ASFR12=0600h-061Fh \
  -ASFR13=0680h-06EFh -ASFR14=0700h-076Fh -ASFR15=0780h-07EFh \
  -ASFR16=0800h-086Fh -ASFR17=0880h-08EFh -ASFR18=0900h-096Fh \
  -ASFR19=0980h-09EFh -ASFR20=0A00h-0A6Fh -ASFR21=0A80h-0AEFh \
  -ASFR22=0B00h-0B6Fh -ASFR23=0B80h-0BEFh -ASFR24=0C00h-0C6Fh \
  -ASFR25=0C80h-0CEFh -ASFR26=0D00h-0D6Fh -ASFR27=0D80h-0DEFh \
  -ASFR28=0E00h-0E6Fh -ASFR29=0E80h-0EEFh -ASFR30=0F00h-0F6Fh \
  -ASFR31=0F80h-0FEFh -ASFR32=01000h-0106Fh -ASFR33=01080h-010EFh \
  -ASFR34=01100h-0116Fh -ASFR35=01180h-011EFh -ASFR36=01200h-0126Fh \
  -ASFR37=01280h-012EFh -ASFR38=01300h-0136Fh -ASFR39=01380h-013EFh \
  -ASFR40=01400h-0146Fh -ASFR41=01480h-014EFh -ASFR42=01500h-0156Fh \
  -ASFR43=01580h-015EFh -ASFR44=01600h-0166Fh -ASFR45=01680h-016EFh \
  -ASFR46=01700h-0176Fh -ASFR47=01780h-017EFh -ASFR48=01800h-0186Fh \
  -ASFR49=01880h-018EFh -ASFR50=01900h-0196Fh -ASFR51=01980h-019EFh \
  -ASFR52=01A00h-01A6Fh -ASFR53=01A80h-01AEFh -ASFR54=01B00h-01B6Fh \
  -ASFR55=01B80h-01BEFh -ASFR56=01C00h-01C6Fh -ASFR57=01C80h-01CEFh \
  -ASFR58=01D00h-01D6Fh -ASFR59=01D80h-01DEFh -ASFR60=01E00h-01E6Fh \
  -ASFR61=01E80h-01EEFh -ASFR62=01F00h-01F6Fh -ASFR63=01F80h-01FEFh \
  -preset_vec=00h,intentry,init,end_init -ppowerup=CODE -pcinit=CODE \
  -pfunctab=CODE -ACONFIG=08007h-0800Bh -pconfig=CONFIG -DCONFIG=2 \
  -AIDLOC=08000h-08003h -pidloc=IDLOC -DIDLOC=2 -DCODE=2 -DSTRCODE=2 \
  -DSTRING=2 -DCONST=2 -DENTRY=2 -k /tmp/xcbOCYES3.obj \
  dist/default/debug/PIC16f15325.X.debug.obj 

Object code version is 3.11

Machine type is 16F15325



                Name                               Link     Load   Length Selector   Space Scale
/tmp/xcbOCYES3.obj
                end_init                              2        2        2        0       0
                reset_vec                             0        0        2        0       0
                config                             8007     8007        5    1000E       0
dist/default/debug/PIC16f15325.X.debug.obj
                cinit                               7EE      7EE       12      FDC       0
                maintext_split_3                    80A      80A      7F6     1014       0
                maintext_split_2                    570      570       9D      AE0       0
                maintext_split_1                    4EE      4EE       82      9DC       0
                text9                               390      390        A      720       0
                text8                               3A7      3A7       12      74E       0
                text7                               38A      38A        6      714       0
                text6                               45D      45D       46      8BA       0
                text5                               3B9      3B9       2F      772       0
                text4                               421      421       3C      842       0
                text3                               4A3      4A3       4B      946       0
                text2                               39A      39A        D      734       0
                text1                               3E8      3E8       39      7D0       0
                swtext2                              16       16       12        8       0
                swtext1                               4        4       12        8       0
                maintext                            60D      60D      1E1      C1A       0
                cstackBANK0                          20       20       1D       20       1
                cstackCOMMON                         70       70        E       70       1
                dataBANK0                            3D       3D        4       20       1
                idataBANK0                          386      386        4      70C       0

TOTAL           Name                               Link     Load   Length     Space
        CLASS   STACK          

        CLASS   CODE           
                end_init                              2        2        2         0
                cinit                               7EE      7EE       12         0
                reset_vec                             0        0        2         0
                maintext_split_3                    80A      80A      7F6         0
                maintext_split_2                    570      570       9D         0
                maintext_split_1                    4EE      4EE       82         0
                text9                               390      390        A         0
                text8                               3A7      3A7       12         0
                text7                               38A      38A        6         0
                text6                               45D      45D       46         0
                text5                               3B9      3B9       2F         0
                text4                               421      421       3C         0
                text3                               4A3      4A3       4B         0
                text2                               39A      39A        D         0
                text1                               3E8      3E8       39         0
                maintext                            60D      60D      1E1         0
                idataBANK0                          386      386        4         0

        CLASS   STRCODE        

        CLASS   STRING         

        CLASS   CONST          
                swtext2                              16       16       12         0
                swtext1                               4        4       12         0

        CLASS   ENTRY          

        CLASS   COMMON         
                cstackCOMMON                         70       70        E         1

        CLASS   BANK0          
                cstackBANK0                          20       20       1D         1
                dataBANK0                            3D       3D        4         1

        CLASS   BANK1          

        CLASS   BANK2          

        CLASS   BANK3          

        CLASS   BANK4          

        CLASS   BANK5          

        CLASS   BANK6          

        CLASS   BANK7          

        CLASS   BANK8          

        CLASS   BANK9          

        CLASS   BANK10         

        CLASS   BANK11         

        CLASS   BANK12         

        CLASS   BIGRAM         

        CLASS   RAM            

        CLASS   ABS1           
                abs_s1                               7E       7E        2         1

        CLASS   SFR0           

        CLASS   SFR1           

        CLASS   SFR2           

        CLASS   SFR3           

        CLASS   SFR4           

        CLASS   SFR5           

        CLASS   SFR6           

        CLASS   SFR7           

        CLASS   SFR8           

        CLASS   SFR9           

        CLASS   SFR10          

        CLASS   SFR11          

        CLASS   SFR12          

        CLASS   SFR13          

        CLASS   SFR14          

        CLASS   SFR15          

        CLASS   SFR16          

        CLASS   SFR17          

        CLASS   SFR18          

        CLASS   SFR19          

        CLASS   SFR20          

        CLASS   SFR21          

        CLASS   SFR22          

        CLASS   SFR23          

        CLASS   SFR24          

        CLASS   SFR25          

        CLASS   SFR26          

        CLASS   SFR27          

        CLASS   SFR28          

        CLASS   SFR29          

        CLASS   SFR30          

        CLASS   SFR31          

        CLASS   SFR32          

        CLASS   SFR33          

        CLASS   SFR34          

        CLASS   SFR35          

        CLASS   SFR36          

        CLASS   SFR37          

        CLASS   SFR38          

        CLASS   SFR39          

        CLASS   SFR40          

        CLASS   SFR41          

        CLASS   SFR42          

        CLASS   SFR43          

        CLASS   SFR44          

        CLASS   SFR45          

        CLASS   SFR46          

        CLASS   SFR47          

        CLASS   SFR48          

        CLASS   SFR49          

        CLASS   SFR50          

        CLASS   SFR51          

        CLASS   SFR52          

        CLASS   SFR53          

        CLASS   SFR54          

        CLASS   SFR55          

        CLASS   SFR56          

        CLASS   SFR57          

        CLASS   SFR58          

        CLASS   SFR59          

        CLASS   SFR60          

        CLASS   SFR61          

        CLASS   SFR62          

        CLASS   SFR63          

        CLASS   CONFIG         
                config                             8007     8007        5         0

        CLASS   IDLOC          

        CLASS   BANK63         

        CLASS   BANK62         

        CLASS   BANK61         

        CLASS   BANK60         

        CLASS   BANK59         

        CLASS   BANK58         

        CLASS   BANK57         

        CLASS   BANK56         

        CLASS   BANK55         

        CLASS   BANK54         

        CLASS   BANK53         

        CLASS   BANK52         

        CLASS   BANK51         

        CLASS   BANK50         

        CLASS   BANK49         

        CLASS   BANK48         

        CLASS   BANK47         

        CLASS   BANK46         

        CLASS   BANK45         

        CLASS   BANK44         

        CLASS   BANK43         

        CLASS   BANK42         

        CLASS   BANK41         

        CLASS   BANK40         

        CLASS   BANK39         

        CLASS   BANK38         

        CLASS   BANK37         

        CLASS   BANK36         

        CLASS   BANK35         

        CLASS   BANK34         

        CLASS   BANK33         

        CLASS   BANK32         

        CLASS   BANK31         

        CLASS   BANK30         

        CLASS   BANK29         

        CLASS   BANK28         

        CLASS   BANK27         

        CLASS   BANK26         

        CLASS   BANK25         

        CLASS   BANK24         

        CLASS   BANK23         

        CLASS   BANK22         

        CLASS   BANK21         

        CLASS   BANK20         

        CLASS   BANK19         

        CLASS   BANK18         

        CLASS   BANK17         

        CLASS   BANK16         

        CLASS   BANK15         

        CLASS   BANK14         

        CLASS   BANK13         

        CLASS   EEDATA         



SEGMENTS        Name                           Load    Length   Top    Selector   Space  Class     Delta

                reset_vec                      000000  000004  000004         0       0  CODE        2
                swtext1                        000004  000024  000028         8       0  CONST       2
                cstackBANK0                    000020  000021  000041        20       1  BANK0       1
                cstackCOMMON                   000070  00000E  00007E        70       1  COMMON      1
                idataBANK0                     000386  000004  00038A       70C       0  CODE        2
                text7                          00038A  000006  000390       714       0  CODE        2
                text9                          000390  00000A  00039A       720       0  CODE        2
                text2                          00039A  00000D  0003A7       734       0  CODE        2
                text8                          0003A7  000012  0003B9       74E       0  CODE        2
                text5                          0003B9  00002F  0003E8       772       0  CODE        2
                text1                          0003E8  000039  000421       7D0       0  CODE        2
                text4                          000421  00003C  00045D       842       0  CODE        2
                text6                          00045D  000046  0004A3       8BA       0  CODE        2
                text3                          0004A3  00004B  0004EE       946       0  CODE        2
                maintext_split_1               0004EE  000082  000570       9DC       0  CODE        2
                maintext_split_2               000570  00009D  00060D       AE0       0  CODE        2
                maintext                       00060D  0001E1  0007EE       C1A       0  CODE        2
                cinit                          0007EE  000012  000800       FDC       0  CODE        2
                maintext_split_3               00080A  0007F6  001000      1014       0  CODE        2
                config                         008007  000005  00800C     1000E       0  CONFIG      2


UNUSED ADDRESS RANGES

        Name                Unused          Largest block    Delta
        BANK0            000041-00006F               2F           1
        BANK1            0000A0-0000EF               50           1
        BANK10           000520-00056F               50           1
        BANK11           0005A0-0005EF               50           1
        BANK12           000620-00064F               30           1
        BANK2            000120-00016F               50           1
        BANK3            0001A0-0001EF               50           1
        BANK4            000220-00026F               50           1
        BANK5            0002A0-0002EF               50           1
        BANK6            000320-00036F               50           1
        BANK7            0003A0-0003EF               50           1
        BANK8            000420-00046F               50           1
        BANK9            0004A0-0004EF               50           1
        BIGRAM           002000-0023EF              3F0           1
        CODE             000028-000385              35E           2
                         000800-000809                A
                         001000-001FFF              800
        CONST            000028-000385              100           2
                         000800-000809                A
                         001000-001FFF              100
        ENTRY            000028-000385              100           2
                         000800-000809                A
                         001000-001FFF              100
        IDLOC            008000-008003                4           2
        RAM              000041-00006F               2F           1
                         0000A0-0000EF               50
                         000120-00016F               50
                         0001A0-0001EF               50
                         000220-00026F               50
                         0002A0-0002EF               50
                         000320-00036F               50
                         0003A0-0003EF               50
                         000420-00046F               50
                         0004A0-0004EF               50
                         000520-00056F               50
                         0005A0-0005EF               50
                         000620-00064F               30
        SFR0             000000-00001F               20           1
        SFR1             000080-00009F               20           1
        SFR10            000500-00051F               20           1
        SFR11            000580-00059F               20           1
        SFR12            000600-00061F               20           1
        SFR13            000680-0006EF               70           1
        SFR14            000700-00076F               70           1
        SFR15            000780-0007EF               70           1
        SFR16            000800-00086F               70           1
        SFR17            000880-0008EF               70           1
        SFR18            000900-00096F               70           1
        SFR19            000980-0009EF               70           1
        SFR2             000100-00011F               20           1
        SFR20            000A00-000A6F               70           1
        SFR21            000A80-000AEF               70           1
        SFR22            000B00-000B6F               70           1
        SFR23            000B80-000BEF               70           1
        SFR24            000C00-000C6F               70           1
        SFR25            000C80-000CEF               70           1
        SFR26            000D00-000D6F               70           1
        SFR27            000D80-000DEF               70           1
        SFR28            000E00-000E6F               70           1
        SFR29            000E80-000EEF               70           1
        SFR3             000180-00019F               20           1
        SFR30            000F00-000F6F               70           1
        SFR31            000F80-000FEF               70           1
        SFR32            001000-00106F               70           1
        SFR33            001080-0010EF               70           1
        SFR34            001100-00116F               70           1
        SFR35            001180-0011EF               70           1
        SFR36            001200-00126F               70           1
        SFR37            001280-0012EF               70           1
        SFR38            001300-00136F               70           1
        SFR39            001380-0013EF               70           1
        SFR4             000200-00021F               20           1
        SFR40            001400-00146F               70           1
        SFR41            001480-0014EF               70           1
        SFR42            001500-00156F               70           1
        SFR43            001580-0015EF               70           1
        SFR44            001600-00166F               70           1
        SFR45            001680-0016EF               70           1
        SFR46            001700-00176F               70           1
        SFR47            001780-0017EF               70           1
        SFR48            001800-00186F               70           1
        SFR49            001880-0018EF               70           1
        SFR5             000280-00029F               20           1
        SFR50            001900-00196F               70           1
        SFR51            001980-0019EF               70           1
        SFR52            001A00-001A6F               70           1
        SFR53            001A80-001AEF               70           1
        SFR54            001B00-001B6F               70           1
        SFR55            001B80-001BEF               70           1
        SFR56            001C00-001C6F               70           1
        SFR57            001C80-001CEF               70           1
        SFR58            001D00-001D6F               70           1
        SFR59            001D80-001DEF               70           1
        SFR6             000300-00031F               20           1
        SFR60            001E00-001E6F               70           1
        SFR61            001E80-001EEF               70           1
        SFR62            001F00-001F6F               70           1
        SFR63            001F80-001FEF               70           1
        SFR7             000380-00039F               20           1
        SFR8             000400-00041F               20           1
        SFR9             000480-00049F               20           1
        STACK            002021-0023EF              3CF           1
        STRCODE          000028-000385              35E           2
                         000800-000809                A
                         001000-001FFF             1000
        STRING           000028-000385              100           2
                         000800-000809                A
                         001000-001FFF              100

                                  Symbol Table

?___awmod                        cstackBANK0      000025
?___lmul                         cstackCOMMON     000070
?_rand                           cstackCOMMON     00007C
_ANSELA                          (abs)            001F38
_ANSELC                          (abs)            001F4E
_LATA                            (abs)            000018
_LATAbits                        (abs)            000018
_LATC                            (abs)            00001A
_LATCbits                        (abs)            00001A
_ODCONA                          (abs)            001F3A
_ODCONC                          (abs)            001F50
_OSCCON1                         (abs)            00088D
_OSCCON3                         (abs)            00088F
_OSCEN                           (abs)            000891
_OSCFRQ                          (abs)            000893
_OSCILLATOR_Initialize           text9            000390
_OSCSTAT                         (abs)            000890
_OSCTUNE                         (abs)            000892
_PIN_MANAGER_Initialize          text8            0003A7
_PORTCbits                       (abs)            00000E
_SYSTEM_Initialize               text7            00038A
_TRISA                           (abs)            000012
_TRISC                           (abs)            000014
_WPUA                            (abs)            001F39
_WPUC                            (abs)            001F4F
__CFG_BBEN$OFF                   (abs)            000000
__CFG_BBSIZE$BB512               (abs)            000000
__CFG_BOREN$ON                   (abs)            000000
__CFG_BORV$LO                    (abs)            000000
__CFG_CLKOUTEN$OFF               (abs)            000000
__CFG_CP$OFF                     (abs)            000000
__CFG_CSWEN$ON                   (abs)            000000
__CFG_FCMEN$ON                   (abs)            000000
__CFG_FEXTOSC$OFF                (abs)            000000
__CFG_LPBOREN$OFF                (abs)            000000
__CFG_LVP$ON                     (abs)            000000
__CFG_MCLRE$ON                   (abs)            000000
__CFG_PPS1WAY$ON                 (abs)            000000
__CFG_PWRTE$OFF                  (abs)            000000
__CFG_RSTOSC$HFINT1              (abs)            000000
__CFG_SAFEN$OFF                  (abs)            000000
__CFG_STVREN$ON                  (abs)            000000
__CFG_WDTCCS$SC                  (abs)            000000
__CFG_WDTCPS$WDTCPS_31           (abs)            000000
__CFG_WDTCWS$WDTCWS_7            (abs)            000000
__CFG_WDTE$OFF                   (abs)            000000
__CFG_WRTAPP$OFF                 (abs)            000000
__CFG_WRTB$OFF                   (abs)            000000
__CFG_WRTC$OFF                   (abs)            000000
__CFG_WRTSAF$OFF                 (abs)            000000
__CFG_ZCD$OFF                    (abs)            000000
__Habs1                          abs1             000000
__Hbank0                         bank0            000000
__Hbank1                         bank1            000000
__Hbank10                        bank10           000000
__Hbank11                        bank11           000000
__Hbank12                        bank12           000000
__Hbank13                        bank13           000000
__Hbank14                        bank14           000000
__Hbank15                        bank15           000000
__Hbank16                        bank16           000000
__Hbank17                        bank17           000000
__Hbank18                        bank18           000000
__Hbank19                        bank19           000000
__Hbank2                         bank2            000000
__Hbank20                        bank20           000000
__Hbank21                        bank21           000000
__Hbank22                        bank22           000000
__Hbank23                        bank23           000000
__Hbank24                        bank24           000000
__Hbank25                        bank25           000000
__Hbank26                        bank26           000000
__Hbank27                        bank27           000000
__Hbank28                        bank28           000000
__Hbank29                        bank29           000000
__Hbank3                         bank3            000000
__Hbank30                        bank30           000000
__Hbank31                        bank31           000000
__Hbank32                        bank32           000000
__Hbank33                        bank33           000000
__Hbank34                        bank34           000000
__Hbank35                        bank35           000000
__Hbank36                        bank36           000000
__Hbank37                        bank37           000000
__Hbank38                        bank38           000000
__Hbank39                        bank39           000000
__Hbank4                         bank4            000000
__Hbank40                        bank40           000000
__Hbank41                        bank41           000000
__Hbank42                        bank42           000000
__Hbank43                        bank43           000000
__Hbank44                        bank44           000000
__Hbank45                        bank45           000000
__Hbank46                        bank46           000000
__Hbank47                        bank47           000000
__Hbank48                        bank48           000000
__Hbank49                        bank49           000000
__Hbank5                         bank5            000000
__Hbank50                        bank50           000000
__Hbank51                        bank51           000000
__Hbank52                        bank52           000000
__Hbank53                        bank53           000000
__Hbank54                        bank54           000000
__Hbank55                        bank55           000000
__Hbank56                        bank56           000000
__Hbank57                        bank57           000000
__Hbank58                        bank58           000000
__Hbank59                        bank59           000000
__Hbank6                         bank6            000000
__Hbank60                        bank60           000000
__Hbank61                        bank61           000000
__Hbank62                        bank62           000000
__Hbank63                        bank63           000000
__Hbank7                         bank7            000000
__Hbank8                         bank8            000000
__Hbank9                         bank9            000000
__Hbigram                        bigram           000000
__Hcinit                         cinit            000800
__Hclrtext                       clrtext          000000
__Hcode                          code             000000
__Hcommon                        common           000000
__Hconfig                        config           00800C
__HcstackBANK0                   cstackBANK0      000000
__HcstackCOMMON                  cstackCOMMON     000000
__HdataBANK0                     dataBANK0        000000
__Heeprom_data                   eeprom_data      000000
__Hend_init                      end_init         000004
__Hfunctab                       functab          000000
__HidataBANK0                    idataBANK0       000000
__Hidloc                         idloc            000000
__Hinit                          init             000002
__Hintentry                      intentry         000002
__Hmaintext                      maintext         000000
__Hmaintext_split_1              maintext_split_1 000000
__Hmaintext_split_2              maintext_split_2 000000
__Hmaintext_split_3              maintext_split_3 000000
__Hpowerup                       powerup          000000
__Hram                           ram              000000
__Hreset_vec                     reset_vec        000002
__Hsfr0                          sfr0             000000
__Hsfr1                          sfr1             000000
__Hsfr10                         sfr10            000000
__Hsfr11                         sfr11            000000
__Hsfr12                         sfr12            000000
__Hsfr13                         sfr13            000000
__Hsfr14                         sfr14            000000
__Hsfr15                         sfr15            000000
__Hsfr16                         sfr16            000000
__Hsfr17                         sfr17            000000
__Hsfr18                         sfr18            000000
__Hsfr19                         sfr19            000000
__Hsfr2                          sfr2             000000
__Hsfr20                         sfr20            000000
__Hsfr21                         sfr21            000000
__Hsfr22                         sfr22            000000
__Hsfr23                         sfr23            000000
__Hsfr24                         sfr24            000000
__Hsfr25                         sfr25            000000
__Hsfr26                         sfr26            000000
__Hsfr27                         sfr27            000000
__Hsfr28                         sfr28            000000
__Hsfr29                         sfr29            000000
__Hsfr3                          sfr3             000000
__Hsfr30                         sfr30            000000
__Hsfr31                         sfr31            000000
__Hsfr32                         sfr32            000000
__Hsfr33                         sfr33            000000
__Hsfr34                         sfr34            000000
__Hsfr35                         sfr35            000000
__Hsfr36                         sfr36            000000
__Hsfr37                         sfr37            000000
__Hsfr38                         sfr38            000000
__Hsfr39                         sfr39            000000
__Hsfr4                          sfr4             000000
__Hsfr40                         sfr40            000000
__Hsfr41                         sfr41            000000
__Hsfr42                         sfr42            000000
__Hsfr43                         sfr43            000000
__Hsfr44                         sfr44            000000
__Hsfr45                         sfr45            000000
__Hsfr46                         sfr46            000000
__Hsfr47                         sfr47            000000
__Hsfr48                         sfr48            000000
__Hsfr49                         sfr49            000000
__Hsfr5                          sfr5             000000
__Hsfr50                         sfr50            000000
__Hsfr51                         sfr51            000000
__Hsfr52                         sfr52            000000
__Hsfr53                         sfr53            000000
__Hsfr54                         sfr54            000000
__Hsfr55                         sfr55            000000
__Hsfr56                         sfr56            000000
__Hsfr57                         sfr57            000000
__Hsfr58                         sfr58            000000
__Hsfr59                         sfr59            000000
__Hsfr6                          sfr6             000000
__Hsfr60                         sfr60            000000
__Hsfr61                         sfr61            000000
__Hsfr62                         sfr62            000000
__Hsfr63                         sfr63            000000
__Hsfr7                          sfr7             000000
__Hsfr8                          sfr8             000000
__Hsfr9                          sfr9             000000
__Hspace_0                       (abs)            00800C
__Hspace_1                       (abs)            00007E
__Hspace_2                       (abs)            000000
__Hspace_3                       (abs)            000000
__Hstack                         stack            000000
__Hstrings                       strings          000000
__Htext                          text             000000
__Labs1                          abs1             000000
__Lbank0                         bank0            000000
__Lbank1                         bank1            000000
__Lbank10                        bank10           000000
__Lbank11                        bank11           000000
__Lbank12                        bank12           000000
__Lbank13                        bank13           000000
__Lbank14                        bank14           000000
__Lbank15                        bank15           000000
__Lbank16                        bank16           000000
__Lbank17                        bank17           000000
__Lbank18                        bank18           000000
__Lbank19                        bank19           000000
__Lbank2                         bank2            000000
__Lbank20                        bank20           000000
__Lbank21                        bank21           000000
__Lbank22                        bank22           000000
__Lbank23                        bank23           000000
__Lbank24                        bank24           000000
__Lbank25                        bank25           000000
__Lbank26                        bank26           000000
__Lbank27                        bank27           000000
__Lbank28                        bank28           000000
__Lbank29                        bank29           000000
__Lbank3                         bank3            000000
__Lbank30                        bank30           000000
__Lbank31                        bank31           000000
__Lbank32                        bank32           000000
__Lbank33                        bank33           000000
__Lbank34                        bank34           000000
__Lbank35                        bank35           000000
__Lbank36                        bank36           000000
__Lbank37                        bank37           000000
__Lbank38                        bank38           000000
__Lbank39                        bank39           000000
__Lbank4                         bank4            000000
__Lbank40                        bank40           000000
__Lbank41                        bank41           000000
__Lbank42                        bank42           000000
__Lbank43                        bank43           000000
__Lbank44                        bank44           000000
__Lbank45                        bank45           000000
__Lbank46                        bank46           000000
__Lbank47                        bank47           000000
__Lbank48                        bank48           000000
__Lbank49                        bank49           000000
__Lbank5                         bank5            000000
__Lbank50                        bank50           000000
__Lbank51                        bank51           000000
__Lbank52                        bank52           000000
__Lbank53                        bank53           000000
__Lbank54                        bank54           000000
__Lbank55                        bank55           000000
__Lbank56                        bank56           000000
__Lbank57                        bank57           000000
__Lbank58                        bank58           000000
__Lbank59                        bank59           000000
__Lbank6                         bank6            000000
__Lbank60                        bank60           000000
__Lbank61                        bank61           000000
__Lbank62                        bank62           000000
__Lbank63                        bank63           000000
__Lbank7                         bank7            000000
__Lbank8                         bank8            000000
__Lbank9                         bank9            000000
__Lbigram                        bigram           000000
__Lcinit                         cinit            0007EE
__Lclrtext                       clrtext          000000
__Lcode                          code             000000
__Lcommon                        common           000000
__Lconfig                        config           008007
__LcstackBANK0                   cstackBANK0      000000
__LcstackCOMMON                  cstackCOMMON     000000
__LdataBANK0                     dataBANK0        000000
__Leeprom_data                   eeprom_data      000000
__Lend_init                      end_init         000002
__Lfunctab                       functab          000000
__LidataBANK0                    idataBANK0       000000
__Lidloc                         idloc            000000
__Linit                          init             000002
__Lintentry                      intentry         000002
__Lmaintext                      maintext         000000
__Lmaintext_split_1              maintext_split_1 000000
__Lmaintext_split_2              maintext_split_2 000000
__Lmaintext_split_3              maintext_split_3 000000
__Lpowerup                       powerup          000000
__Lram                           ram              000000
__Lreset_vec                     reset_vec        000000
__Lsfr0                          sfr0             000000
__Lsfr1                          sfr1             000000
__Lsfr10                         sfr10            000000
__Lsfr11                         sfr11            000000
__Lsfr12                         sfr12            000000
__Lsfr13                         sfr13            000000
__Lsfr14                         sfr14            000000
__Lsfr15                         sfr15            000000
__Lsfr16                         sfr16            000000
__Lsfr17                         sfr17            000000
__Lsfr18                         sfr18            000000
__Lsfr19                         sfr19            000000
__Lsfr2                          sfr2             000000
__Lsfr20                         sfr20            000000
__Lsfr21                         sfr21            000000
__Lsfr22                         sfr22            000000
__Lsfr23                         sfr23            000000
__Lsfr24                         sfr24            000000
__Lsfr25                         sfr25            000000
__Lsfr26                         sfr26            000000
__Lsfr27                         sfr27            000000
__Lsfr28                         sfr28            000000
__Lsfr29                         sfr29            000000
__Lsfr3                          sfr3             000000
__Lsfr30                         sfr30            000000
__Lsfr31                         sfr31            000000
__Lsfr32                         sfr32            000000
__Lsfr33                         sfr33            000000
__Lsfr34                         sfr34            000000
__Lsfr35                         sfr35            000000
__Lsfr36                         sfr36            000000
__Lsfr37                         sfr37            000000
__Lsfr38                         sfr38            000000
__Lsfr39                         sfr39            000000
__Lsfr4                          sfr4             000000
__Lsfr40                         sfr40            000000
__Lsfr41                         sfr41            000000
__Lsfr42                         sfr42            000000
__Lsfr43                         sfr43            000000
__Lsfr44                         sfr44            000000
__Lsfr45                         sfr45            000000
__Lsfr46                         sfr46            000000
__Lsfr47                         sfr47            000000
__Lsfr48                         sfr48            000000
__Lsfr49                         sfr49            000000
__Lsfr5                          sfr5             000000
__Lsfr50                         sfr50            000000
__Lsfr51                         sfr51            000000
__Lsfr52                         sfr52            000000
__Lsfr53                         sfr53            000000
__Lsfr54                         sfr54            000000
__Lsfr55                         sfr55            000000
__Lsfr56                         sfr56            000000
__Lsfr57                         sfr57            000000
__Lsfr58                         sfr58            000000
__Lsfr59                         sfr59            000000
__Lsfr6                          sfr6             000000
__Lsfr60                         sfr60            000000
__Lsfr61                         sfr61            000000
__Lsfr62                         sfr62            000000
__Lsfr63                         sfr63            000000
__Lsfr7                          sfr7             000000
__Lsfr8                          sfr8             000000
__Lsfr9                          sfr9             000000
__Lspace_0                       (abs)            000000
__Lspace_1                       (abs)            000000
__Lspace_2                       (abs)            000000
__Lspace_3                       (abs)            000000
__Lstack                         stack            000000
__Lstrings                       strings          000000
__Ltext                          text             000000
__S0                             (abs)            00800C
__S1                             (abs)            00007E
__S2                             (abs)            000000
___awmod                         text6            00045D
___awmod@counter                 cstackBANK0      00002A
___awmod@dividend                cstackBANK0      000027
___awmod@divisor                 cstackBANK0      000025
___awmod@sign                    cstackBANK0      00002B
___int_sp                        stack            000000
___latbits                       (abs)            000002
___lmul                          text5            0003B9
___lmul@multiplicand             cstackCOMMON     000074
___lmul@multiplier               cstackCOMMON     000070
___lmul@product                  cstackCOMMON     000078
___sp                            stack            000000
__end_of_OSCILLATOR_Initialize   text9            00039A
__end_of_PIN_MANAGER_Initialize  text8            0003B9
__end_of_SYSTEM_Initialize       text7            000390
__end_of___awmod                 text6            0004A3
__end_of___lmul                  text5            0003E8
__end_of__initialization         cinit            0007FD
__end_of_delay                   text3            0004EE
__end_of_delay_ms                text2            0003A7
__end_of_light                   text1            000421
__end_of_main                    maintext_split_3 001000
__end_of_rand                    text4            00045D
__initialization                 cinit            0007EE
__pcstackBANK0                   cstackBANK0      000020
__pcstackCOMMON                  cstackCOMMON     000070
__pdataBANK0                     dataBANK0        00003D
__pidataBANK0                    idataBANK0       000386
__pmaintext                      maintext         00060D
__pswtext1                       swtext1          000004
__pswtext2                       swtext2          000016
__ptext1                         text1            0003E8
__ptext2                         text2            00039A
__ptext3                         text3            0004A3
__ptext4                         text4            000421
__ptext5                         text5            0003B9
__ptext6                         text6            00045D
__ptext7                         text7            00038A
__ptext8                         text8            0003A7
__ptext9                         text9            000390
__size_of_OSCILLATOR_Initialize  (abs)            000000
__size_of_PIN_MANAGER_Initialize (abs)            000000
__size_of_SYSTEM_Initialize      (abs)            000000
__size_of___awmod                (abs)            000000
__size_of___lmul                 (abs)            000000
__size_of_delay                  (abs)            000000
__size_of_delay_ms               (abs)            000000
__size_of_light                  (abs)            000000
__size_of_main                   (abs)            000000
__size_of_rand                   (abs)            000000
_delay                           text3            0004A3
_delay_ms                        text2            00039A
_light                           text1            0003E8
_main                            maintext         00060D
_rand                            text4            000421
_randx                           dataBANK0        00003D
btemp                            (abs)            00007E
delay@i                          cstackBANK0      00002F
delay@j                          cstackBANK0      000031
delay@r                          cstackBANK0      00002D
delay_ms@milliseconds            cstackCOMMON     000070
end_of_initialization            cinit            0007FD
intlevel0                        functab          000000
intlevel1                        functab          000000
intlevel2                        functab          000000
intlevel3                        functab          000000
intlevel4                        functab          000000
intlevel5                        functab          000000
light@d                          cstackBANK0      00002E
light@l1                         cstackBANK0      00002C
light@l2                         cstackBANK0      00002A
light@l3                         cstackBANK0      000028
light@l4                         cstackBANK0      000026
light@l5                         cstackBANK0      000024
light@l6                         cstackBANK0      000022
light@l7                         cstackBANK0      000020
main@button_pushed               cstackBANK0      00003A
main@dotDelay                    cstackBANK0      000034
main@randomnumber                cstackBANK0      000038
main@spaceDelay                  cstackBANK0      000036
main@state                       cstackBANK0      00003C
pnum$maintext                    (abs)            000007
pnum$maintext_split_1            (abs)            000013
pnum$maintext_split_2            (abs)            000014
pnum$maintext_split_3            (abs)            000015
psplit$0                         (abs)            070013
psplit$1                         (abs)            130014
psplit$2                         (abs)            140015
reset_vec                        reset_vec        000000
stackhi                          (abs)            0023EF
stacklo                          (abs)            002021
start                            init             000002
start_initialization             cinit            0007EE
wtemp0                           (abs)            00007E


FUNCTION INFORMATION:

 *************** function _main *****************
 Defined at:
		line 11 in file "main.c"
 Parameters:    Size  Location     Type
		None
 Auto vars:     Size  Location     Type
  button_pushe    2   26[BANK0 ] int 
  randomnumber    2   24[BANK0 ] int 
  spaceDelay      2   22[BANK0 ] int 
  dotDelay        2   20[BANK0 ] int 
  state           1   28[BANK0 ] enum E7709
 Return value:  Size  Location     Type
                  1    wreg      void 
 Registers used:
		wreg, fsr0l, fsr0h, status,2, status,0, pclath, cstack
 Tracked objects:
		On entry : 
		On exit  : 
		Unchanged: 
 Data sizes:     COMMON   BANK0   BANK1   BANK2   BANK3   BANK4   BANK5   BANK6   BANK7   BANK8   BANK9  BANK10  BANK11  BANK12
      Params:         0       0       0       0       0       0       0       0       0       0       0       0       0       0
      Locals:         0       9       0       0       0       0       0       0       0       0       0       0       0       0
      Temps:          0       1       0       0       0       0       0       0       0       0       0       0       0       0
      Totals:         0      10       0       0       0       0       0       0       0       0       0       0       0       0
Total ram usage:       10 bytes
 Hardware stack levels required when called:    3
 This function calls:
		_SYSTEM_Initialize
		___awmod
		_delay
		_delay_ms
		_light
		_rand
 This function is called by:
		Startup code after reset
 This function uses a non-reentrant model


 *************** function _light *****************
 Defined at:
		line 360 in file "main.c"
 Parameters:    Size  Location     Type
  l7              2    0[BANK0 ] int 
  l6              2    2[BANK0 ] int 
  l5              2    4[BANK0 ] int 
  l4              2    6[BANK0 ] int 
  l3              2    8[BANK0 ] int 
  l2              2   10[BANK0 ] int 
  l1              2   12[BANK0 ] int 
  d               2   14[BANK0 ] unsigned int 
 Auto vars:     Size  Location     Type
		None
 Return value:  Size  Location     Type
                  1    wreg      void 
 Registers used:
		wreg, status,2, status,0, pclath, cstack
 Tracked objects:
		On entry : 
		On exit  : 
		Unchanged: 
 Data sizes:     COMMON   BANK0   BANK1   BANK2   BANK3   BANK4   BANK5   BANK6   BANK7   BANK8   BANK9  BANK10  BANK11  BANK12
      Params:         0      16       0       0       0       0       0       0       0       0       0       0       0       0
      Locals:         0       0       0       0       0       0       0       0       0       0       0       0       0       0
      Temps:          0       0       0       0       0       0       0       0       0       0       0       0       0       0
      Totals:         0      16       0       0       0       0       0       0       0       0       0       0       0       0
Total ram usage:       16 bytes
 Hardware stack levels used:    1
 Hardware stack levels required when called:    1
 This function calls:
		_delay_ms
 This function is called by:
		_main
 This function uses a non-reentrant model


 *************** function _delay_ms *****************
 Defined at:
		line 351 in file "main.c"
 Parameters:    Size  Location     Type
  milliseconds    2    0[COMMON] unsigned int 
 Auto vars:     Size  Location     Type
		None
 Return value:  Size  Location     Type
                  1    wreg      void 
 Registers used:
		wreg, status,2, status,0
 Tracked objects:
		On entry : 
		On exit  : 
		Unchanged: 
 Data sizes:     COMMON   BANK0   BANK1   BANK2   BANK3   BANK4   BANK5   BANK6   BANK7   BANK8   BANK9  BANK10  BANK11  BANK12
      Params:         2       0       0       0       0       0       0       0       0       0       0       0       0       0
      Locals:         0       0       0       0       0       0       0       0       0       0       0       0       0       0
      Temps:          0       0       0       0       0       0       0       0       0       0       0       0       0       0
      Totals:         2       0       0       0       0       0       0       0       0       0       0       0       0       0
Total ram usage:        2 bytes
 Hardware stack levels used:    1
 This function calls:
		Nothing
 This function is called by:
		_main
		_light
 This function uses a non-reentrant model


 *************** function _delay *****************
 Defined at:
		line 344 in file "main.c"
 Parameters:    Size  Location     Type
		None
 Auto vars:     Size  Location     Type
  j               2   17[BANK0 ] int 
  i               2   15[BANK0 ] int 
  r               2   13[BANK0 ] int 
 Return value:  Size  Location     Type
                  1    wreg      void 
 Registers used:
		wreg, status,2, status,0, pclath, cstack
 Tracked objects:
		On entry : 
		On exit  : 
		Unchanged: 
 Data sizes:     COMMON   BANK0   BANK1   BANK2   BANK3   BANK4   BANK5   BANK6   BANK7   BANK8   BANK9  BANK10  BANK11  BANK12
      Params:         0       0       0       0       0       0       0       0       0       0       0       0       0       0
      Locals:         0       6       0       0       0       0       0       0       0       0       0       0       0       0
      Temps:          0       1       0       0       0       0       0       0       0       0       0       0       0       0
      Totals:         0       7       0       0       0       0       0       0       0       0       0       0       0       0
Total ram usage:        7 bytes
 Hardware stack levels used:    1
 Hardware stack levels required when called:    2
 This function calls:
		___awmod
		_rand
 This function is called by:
		_main
 This function uses a non-reentrant model


 *************** function _rand *****************
 Defined at:
		line 12 in file "/Applications/microchip/xc8/v1.42/sources/common/rand.c"
 Parameters:    Size  Location     Type
		None
 Auto vars:     Size  Location     Type
		None
 Return value:  Size  Location     Type
                  2   12[COMMON] int 
 Registers used:
		wreg, status,2, status,0, pclath, cstack
 Tracked objects:
		On entry : 
		On exit  : 
		Unchanged: 
 Data sizes:     COMMON   BANK0   BANK1   BANK2   BANK3   BANK4   BANK5   BANK6   BANK7   BANK8   BANK9  BANK10  BANK11  BANK12
      Params:         2       0       0       0       0       0       0       0       0       0       0       0       0       0
      Locals:         0       0       0       0       0       0       0       0       0       0       0       0       0       0
      Temps:          0       5       0       0       0       0       0       0       0       0       0       0       0       0
      Totals:         2       5       0       0       0       0       0       0       0       0       0       0       0       0
Total ram usage:        7 bytes
 Hardware stack levels used:    1
 Hardware stack levels required when called:    1
 This function calls:
		___lmul
 This function is called by:
		_main
		_delay
 This function uses a non-reentrant model


 *************** function ___lmul *****************
 Defined at:
		line 15 in file "/Applications/microchip/xc8/v1.42/sources/common/Umul32.c"
 Parameters:    Size  Location     Type
  multiplier      4    0[COMMON] unsigned long 
  multiplicand    4    4[COMMON] unsigned long 
 Auto vars:     Size  Location     Type
  product         4    8[COMMON] unsigned long 
 Return value:  Size  Location     Type
                  4    0[COMMON] unsigned long 
 Registers used:
		wreg, status,2, status,0
 Tracked objects:
		On entry : 
		On exit  : 
		Unchanged: 
 Data sizes:     COMMON   BANK0   BANK1   BANK2   BANK3   BANK4   BANK5   BANK6   BANK7   BANK8   BANK9  BANK10  BANK11  BANK12
      Params:         8       0       0       0       0       0       0       0       0       0       0       0       0       0
      Locals:         4       0       0       0       0       0       0       0       0       0       0       0       0       0
      Temps:          0       0       0       0       0       0       0       0       0       0       0       0       0       0
      Totals:        12       0       0       0       0       0       0       0       0       0       0       0       0       0
Total ram usage:       12 bytes
 Hardware stack levels used:    1
 This function calls:
		Nothing
 This function is called by:
		_rand
 This function uses a non-reentrant model


 *************** function ___awmod *****************
 Defined at:
		line 6 in file "/Applications/microchip/xc8/v1.42/sources/common/awmod.c"
 Parameters:    Size  Location     Type
  divisor         2    5[BANK0 ] int 
  dividend        2    7[BANK0 ] int 
 Auto vars:     Size  Location     Type
  sign            1   11[BANK0 ] unsigned char 
  counter         1   10[BANK0 ] unsigned char 
 Return value:  Size  Location     Type
                  2    5[BANK0 ] int 
 Registers used:
		wreg, status,2, status,0
 Tracked objects:
		On entry : 
		On exit  : 
		Unchanged: 
 Data sizes:     COMMON   BANK0   BANK1   BANK2   BANK3   BANK4   BANK5   BANK6   BANK7   BANK8   BANK9  BANK10  BANK11  BANK12
      Params:         0       4       0       0       0       0       0       0       0       0       0       0       0       0
      Locals:         0       2       0       0       0       0       0       0       0       0       0       0       0       0
      Temps:          0       1       0       0       0       0       0       0       0       0       0       0       0       0
      Totals:         0       7       0       0       0       0       0       0       0       0       0       0       0       0
Total ram usage:        7 bytes
 Hardware stack levels used:    1
 This function calls:
		Nothing
 This function is called by:
		_main
		_delay
 This function uses a non-reentrant model


 *************** function _SYSTEM_Initialize *****************
 Defined at:
		line 86 in file "mcc_generated_files/mcc.c"
 Parameters:    Size  Location     Type
		None
 Auto vars:     Size  Location     Type
		None
 Return value:  Size  Location     Type
                  1    wreg      void 
 Registers used:
		wreg, status,2, status,0, pclath, cstack
 Tracked objects:
		On entry : 
		On exit  : 
		Unchanged: 
 Data sizes:     COMMON   BANK0   BANK1   BANK2   BANK3   BANK4   BANK5   BANK6   BANK7   BANK8   BANK9  BANK10  BANK11  BANK12
      Params:         0       0       0       0       0       0       0       0       0       0       0       0       0       0
      Locals:         0       0       0       0       0       0       0       0       0       0       0       0       0       0
      Temps:          0       0       0       0       0       0       0       0       0       0       0       0       0       0
      Totals:         0       0       0       0       0       0       0       0       0       0       0       0       0       0
Total ram usage:        0 bytes
 Hardware stack levels used:    1
 Hardware stack levels required when called:    1
 This function calls:
		_OSCILLATOR_Initialize
		_PIN_MANAGER_Initialize
 This function is called by:
		_main
 This function uses a non-reentrant model


 *************** function _PIN_MANAGER_Initialize *****************
 Defined at:
		line 52 in file "mcc_generated_files/pin_manager.c"
 Parameters:    Size  Location     Type
		None
 Auto vars:     Size  Location     Type
		None
 Return value:  Size  Location     Type
                  1    wreg      void 
 Registers used:
		wreg, status,2
 Tracked objects:
		On entry : 
		On exit  : 
		Unchanged: 
 Data sizes:     COMMON   BANK0   BANK1   BANK2   BANK3   BANK4   BANK5   BANK6   BANK7   BANK8   BANK9  BANK10  BANK11  BANK12
      Params:         0       0       0       0       0       0       0       0       0       0       0       0       0       0
      Locals:         0       0       0       0       0       0       0       0       0       0       0       0       0       0
      Temps:          0       0       0       0       0       0       0       0       0       0       0       0       0       0
      Totals:         0       0       0       0       0       0       0       0       0       0       0       0       0       0
Total ram usage:        0 bytes
 Hardware stack levels used:    1
 This function calls:
		Nothing
 This function is called by:
		_SYSTEM_Initialize
 This function uses a non-reentrant model


 *************** function _OSCILLATOR_Initialize *****************
 Defined at:
		line 93 in file "mcc_generated_files/mcc.c"
 Parameters:    Size  Location     Type
		None
 Auto vars:     Size  Location     Type
		None
 Return value:  Size  Location     Type
                  1    wreg      void 
 Registers used:
		wreg, status,2
 Tracked objects:
		On entry : 
		On exit  : 
		Unchanged: 
 Data sizes:     COMMON   BANK0   BANK1   BANK2   BANK3   BANK4   BANK5   BANK6   BANK7   BANK8   BANK9  BANK10  BANK11  BANK12
      Params:         0       0       0       0       0       0       0       0       0       0       0       0       0       0
      Locals:         0       0       0       0       0       0       0       0       0       0       0       0       0       0
      Temps:          0       0       0       0       0       0       0       0       0       0       0       0       0       0
      Totals:         0       0       0       0       0       0       0       0       0       0       0       0       0       0
Total ram usage:        0 bytes
 Hardware stack levels used:    1
 This function calls:
		Nothing
 This function is called by:
		_SYSTEM_Initialize
 This function uses a non-reentrant model



MODULE INFORMATION

Module		Function		Class		Link	Load	Size
mcc_generated_files/pin_manager.c
		_PIN_MANAGER_Initialize		CODE           	03A7	0000	19

mcc_generated_files/pin_manager.c estimated size: 19

/Applications/microchip/xc8/v1.42/sources/common/awmod.c
		___awmod       		CODE           	045D	0000	71

/Applications/microchip/xc8/v1.42/sources/common/awmod.c estimated size: 71

/Applications/microchip/xc8/v1.42/sources/common/Umul32.c
		___lmul        		CODE           	03B9	0000	48

/Applications/microchip/xc8/v1.42/sources/common/Umul32.c estimated size: 48

shared
		__initialization		CODE           	07EE	0000	16

shared estimated size: 16

/Applications/microchip/xc8/v1.42/sources/common/rand.c
		_rand          		CODE           	0421	0000	61

/Applications/microchip/xc8/v1.42/sources/common/rand.c estimated size: 61

mcc_generated_files/mcc.c
		_OSCILLATOR_Initialize		CODE           	0390	0000	11
		_SYSTEM_Initialize		CODE           	038A	0000	7

mcc_generated_files/mcc.c estimated size: 18

main.c
		_delay         		CODE           	04A3	0000	76
		_main          		CODE           	060D	0000	2807
		_delay_ms      		CODE           	039A	0000	14
		_light         		CODE           	03E8	0000	58

main.c estimated size: 2955

